rd .git /S/Q    # remome prasant (.git) file
git init
git add .
git commit -m "message"
git remote add origin URL
git push -u origin master

or push an existing repository from the command line

git remote add origin Url
git push -u origin master

git remote show origin
remote set-url origin https://github.com/wsmr/Ionic_app_3.git

(git remote set-url origin git://github.com/wsmr/Ionic_app_3.git)

git branch


git config --global user.name "YOUR_USERNAME"
git config --global user.name

git config --global user.email "your_email_address@example.com"
git config --global user.email

$ ssh-keygen
// Permission denied (publickey) || Git push origin master Error solved
/** https://www.youtube.com/watch?v=I03YCDBoCrU **/
/** Goto default .ssh file and import it to git SSH key **/

git stash
git stash --help
/** temporarily shelves (or stashes) changes you've made to your working copy so 
you can work on something else, and then come back and re-apply them later on 
**/


/** To push code changes from the main branch to another branch named "branch_name" without pushing to main -> use git's cherry-pick command **/
$ git add .
  -> [main <commit-hash>] 
$ git status
$ git commit -m "commit"
$ git branch -r
  -> check exists remotely branchs
$ git checkout branch_name
  -> if needed to put to new branch $ git checkout -b branch_name  # Create new branch and switch to it
$ git cherry-pick <commit-hash>
  (all conflicts fixed: run "git cherry-pick --continue")
  (use "git cherry-pick --skip" to skip this patch)
  (use "git cherry-pick --abort" to cancel the cherry-pick operation)

$ git push -u origin branch_name
$ git checkout -
$ git pull



